

================================================================
== Synthesis Summary Report of 'nn_inference'
================================================================
+ General Information: 
    * Date:           Sun Jan 15 20:13:54 2023
    * Version:        2020.2 (Build 3064766 on Wed Nov 18 09:12:47 MST 2020)
    * Project:        nn_inference
    * Solution:       solution1 (Vivado IP Flow Target)
    * Product family: zynquplus
    * Target device:  xczu3eg-sbva484-1-i
    

+ Performance & Resource Estimates: 
    
    PS: '+' for module; 'o' for loop; '*' for dataflow
    +-------------------+------+-------+---------+-----------+----------+---------+------+----------+---------+----+------------+-------------+-----+
    |      Modules      | Issue|       | Latency |  Latency  | Iteration|         | Trip |          |         |    |            |             |     |
    |      & Loops      | Type | Slack | (cycles)|    (ns)   |  Latency | Interval| Count| Pipelined|  BRAM   | DSP|     FF     |     LUT     | URAM|
    +-------------------+------+-------+---------+-----------+----------+---------+------+----------+---------+----+------------+-------------+-----+
    |+ nn_inference     |     -|  -0.01|    21130|  2.113e+05|         -|    21131|     -|        no|  21 (4%)|   -|  11372 (8%)|  12577 (17%)|    -|
    | o VITIS_LOOP_5_1  |     -|  -7.30|      627|  6.270e+03|         4|        1|   625|       yes|        -|   -|           -|            -|    -|
    | o col             |     -|  -7.30|    20288|  2.029e+05|       317|        -|    64|        no|        -|   -|           -|            -|    -|
    |  o prod           |     -|  -7.30|      314|  3.140e+03|         3|        1|   312|       yes|        -|   -|           -|            -|    -|
    | o loop1           |     -|  -7.30|       66|    660.000|         4|        1|    64|       yes|        -|   -|           -|            -|    -|
    | o col             |     -|  -7.30|       45|    450.000|        15|        1|    32|       yes|        -|   -|           -|            -|    -|
    | o loop1           |     -|  -7.30|       34|    340.000|         4|        1|    32|       yes|        -|   -|           -|            -|    -|
    | o col             |     -|  -7.30|        7|     70.000|         7|        1|     2|       yes|        -|   -|           -|            -|    -|
    | o loop1           |     -|  -7.30|        2|     20.000|         1|        1|     2|       yes|        -|   -|           -|            -|    -|
    +-------------------+------+-------+---------+-----------+----------+---------+------+----------+---------+----+------------+-------------+-----+

