

================================================================
== Vitis HLS Report for 'nn_inference'
================================================================
* Date:           Sun Jan 15 20:13:50 2023

* Version:        2020.2 (Build 3064766 on Wed Nov 18 09:12:47 MST 2020)
* Project:        nn_inference
* Solution:       solution1 (Vivado IP Flow Target)
* Product family: zynquplus
* Target device:  xczu3eg-sbva484-1-i


================================================================
== Performance Estimates
================================================================
+ Timing: 
    * Summary: 
    +--------+----------+----------+------------+
    |  Clock |  Target  | Estimated| Uncertainty|
    +--------+----------+----------+------------+
    |ap_clk  |  10.00 ns|  7.293 ns|     2.70 ns|
    +--------+----------+----------+------------+

+ Latency: 
    * Summary: 
    +---------+---------+----------+----------+-------+-------+---------+
    |  Latency (cycles) |  Latency (absolute) |    Interval   | Pipeline|
    |   min   |   max   |    min   |    max   |  min  |  max  |   Type  |
    +---------+---------+----------+----------+-------+-------+---------+
    |    21130|    21130|  0.211 ms|  0.211 ms|  21131|  21131|     none|
    +---------+---------+----------+----------+-------+-------+---------+

    + Detail: 
        * Instance: 
        N/A

        * Loop: 
        +------------------+---------+---------+----------+-----------+-----------+------+----------+
        |                  |  Latency (cycles) | Iteration|  Initiation Interval  | Trip |          |
        |     Loop Name    |   min   |   max   |  Latency |  achieved |   target  | Count| Pipelined|
        +------------------+---------+---------+----------+-----------+-----------+------+----------+
        |- VITIS_LOOP_5_1  |      627|      627|         4|          1|          1|   625|       yes|
        |- col             |    20288|    20288|       317|          -|          -|    64|        no|
        | + prod           |      314|      314|         3|          1|          1|   312|       yes|
        |- loop1           |       66|       66|         4|          1|          1|    64|       yes|
        |- col             |       45|       45|        15|          1|          1|    32|       yes|
        |- loop1           |       34|       34|         4|          1|          1|    32|       yes|
        |- col             |        7|        7|         7|          1|          1|     2|       yes|
        |- loop1           |        2|        2|         1|          1|          1|     2|       yes|
        +------------------+---------+---------+----------+-----------+-----------+------+----------+



================================================================
== Utilization Estimates
================================================================
* Summary: 
+-----------------+---------+-----+--------+-------+-----+
|       Name      | BRAM_18K| DSP |   FF   |  LUT  | URAM|
+-----------------+---------+-----+--------+-------+-----+
|DSP              |        -|    -|       -|      -|    -|
|Expression       |        -|    -|       0|   9102|    -|
|FIFO             |        -|    -|       -|      -|    -|
|Instance         |        -|    0|       0|   1880|    -|
|Memory           |       21|    -|     457|    256|    -|
|Multiplexer      |        -|    -|       -|   1083|    -|
|Register         |        -|    -|   10915|    256|    -|
+-----------------+---------+-----+--------+-------+-----+
|Total            |       21|    0|   11372|  12577|    0|
+-----------------+---------+-----+--------+-------+-----+
|Available        |      432|  360|  141120|  70560|    0|
+-----------------+---------+-----+--------+-------+-----+
|Utilization (%)  |        4|    0|       8|     17|    0|
+-----------------+---------+-----+--------+-------+-----+

+ Detail: 
    * Instance: 
    +--------------------------------+-----------------------------+---------+----+---+----+-----+
    |            Instance            |            Module           | BRAM_18K| DSP| FF| LUT| URAM|
    +--------------------------------+-----------------------------+---------+----+---+----+-----+
    |dcmp_64ns_64ns_1_2_no_dsp_1_U2  |dcmp_64ns_64ns_1_2_no_dsp_1  |        0|   0|  0|   0|    0|
    |fpext_32ns_64_2_no_dsp_1_U1     |fpext_32ns_64_2_no_dsp_1     |        0|   0|  0|   0|    0|
    |mul_32s_6ns_38_1_1_U73          |mul_32s_6ns_38_1_1           |        0|   0|  0|  20|    0|
    |mul_32s_7ns_38_1_1_U71          |mul_32s_7ns_38_1_1           |        0|   0|  0|  20|    0|
    |mul_32s_7ns_39_1_1_U72          |mul_32s_7ns_39_1_1           |        0|   0|  0|  20|    0|
    |mul_32s_7s_39_1_1_U69           |mul_32s_7s_39_1_1            |        0|   0|  0|  20|    0|
    |mul_32s_8s_39_1_1_U70           |mul_32s_8s_39_1_1            |        0|   0|  0|  20|    0|
    |mul_32s_8s_39_1_1_U74           |mul_32s_8s_39_1_1            |        0|   0|  0|  20|    0|
    |mul_6s_32s_38_1_1_U3            |mul_6s_32s_38_1_1            |        0|   0|  0|  20|    0|
    |mul_6s_32s_38_1_1_U4            |mul_6s_32s_38_1_1            |        0|   0|  0|  20|    0|
    |mul_6s_32s_38_1_1_U89           |mul_6s_32s_38_1_1            |        0|   0|  0|  20|    0|
    |mul_7s_32s_38_1_1_U94           |mul_7s_32s_38_1_1            |        0|   0|  0|  20|    0|
    |mul_7s_32s_39_1_1_U5            |mul_7s_32s_39_1_1            |        0|   0|  0|  20|    0|
    |mul_7s_32s_39_1_1_U8            |mul_7s_32s_39_1_1            |        0|   0|  0|  20|    0|
    |mul_7s_32s_39_1_1_U9            |mul_7s_32s_39_1_1            |        0|   0|  0|  20|    0|
    |mul_7s_32s_39_1_1_U10           |mul_7s_32s_39_1_1            |        0|   0|  0|  20|    0|
    |mul_7s_32s_39_1_1_U13           |mul_7s_32s_39_1_1            |        0|   0|  0|  20|    0|
    |mul_7s_32s_39_1_1_U14           |mul_7s_32s_39_1_1            |        0|   0|  0|  20|    0|
    |mul_7s_32s_39_1_1_U15           |mul_7s_32s_39_1_1            |        0|   0|  0|  20|    0|
    |mul_7s_32s_39_1_1_U16           |mul_7s_32s_39_1_1            |        0|   0|  0|  20|    0|
    |mul_7s_32s_39_1_1_U17           |mul_7s_32s_39_1_1            |        0|   0|  0|  20|    0|
    |mul_7s_32s_39_1_1_U18           |mul_7s_32s_39_1_1            |        0|   0|  0|  20|    0|
    |mul_7s_32s_39_1_1_U19           |mul_7s_32s_39_1_1            |        0|   0|  0|  20|    0|
    |mul_7s_32s_39_1_1_U20           |mul_7s_32s_39_1_1            |        0|   0|  0|  20|    0|
    |mul_7s_32s_39_1_1_U21           |mul_7s_32s_39_1_1            |        0|   0|  0|  20|    0|
    |mul_7s_32s_39_1_1_U22           |mul_7s_32s_39_1_1            |        0|   0|  0|  20|    0|
    |mul_7s_32s_39_1_1_U23           |mul_7s_32s_39_1_1            |        0|   0|  0|  20|    0|
    |mul_7s_32s_39_1_1_U24           |mul_7s_32s_39_1_1            |        0|   0|  0|  20|    0|
    |mul_7s_32s_39_1_1_U25           |mul_7s_32s_39_1_1            |        0|   0|  0|  20|    0|
    |mul_7s_32s_39_1_1_U26           |mul_7s_32s_39_1_1            |        0|   0|  0|  20|    0|
    |mul_7s_32s_39_1_1_U28           |mul_7s_32s_39_1_1            |        0|   0|  0|  20|    0|
    |mul_7s_32s_39_1_1_U29           |mul_7s_32s_39_1_1            |        0|   0|  0|  20|    0|
    |mul_7s_32s_39_1_1_U30           |mul_7s_32s_39_1_1            |        0|   0|  0|  20|    0|
    |mul_7s_32s_39_1_1_U31           |mul_7s_32s_39_1_1            |        0|   0|  0|  20|    0|
    |mul_7s_32s_39_1_1_U32           |mul_7s_32s_39_1_1            |        0|   0|  0|  20|    0|
    |mul_7s_32s_39_1_1_U33           |mul_7s_32s_39_1_1            |        0|   0|  0|  20|    0|
    |mul_7s_32s_39_1_1_U34           |mul_7s_32s_39_1_1            |        0|   0|  0|  20|    0|
    |mul_7s_32s_39_1_1_U35           |mul_7s_32s_39_1_1            |        0|   0|  0|  20|    0|
    |mul_7s_32s_39_1_1_U36           |mul_7s_32s_39_1_1            |        0|   0|  0|  20|    0|
    |mul_7s_32s_39_1_1_U37           |mul_7s_32s_39_1_1            |        0|   0|  0|  20|    0|
    |mul_7s_32s_39_1_1_U38           |mul_7s_32s_39_1_1            |        0|   0|  0|  20|    0|
    |mul_7s_32s_39_1_1_U39           |mul_7s_32s_39_1_1            |        0|   0|  0|  20|    0|
    |mul_7s_32s_39_1_1_U41           |mul_7s_32s_39_1_1            |        0|   0|  0|  20|    0|
    |mul_7s_32s_39_1_1_U44           |mul_7s_32s_39_1_1            |        0|   0|  0|  20|    0|
    |mul_7s_32s_39_1_1_U45           |mul_7s_32s_39_1_1            |        0|   0|  0|  20|    0|
    |mul_7s_32s_39_1_1_U46           |mul_7s_32s_39_1_1            |        0|   0|  0|  20|    0|
    |mul_7s_32s_39_1_1_U47           |mul_7s_32s_39_1_1            |        0|   0|  0|  20|    0|
    |mul_7s_32s_39_1_1_U48           |mul_7s_32s_39_1_1            |        0|   0|  0|  20|    0|
    |mul_7s_32s_39_1_1_U49           |mul_7s_32s_39_1_1            |        0|   0|  0|  20|    0|
    |mul_7s_32s_39_1_1_U51           |mul_7s_32s_39_1_1            |        0|   0|  0|  20|    0|
    |mul_7s_32s_39_1_1_U52           |mul_7s_32s_39_1_1            |        0|   0|  0|  20|    0|
    |mul_7s_32s_39_1_1_U53           |mul_7s_32s_39_1_1            |        0|   0|  0|  20|    0|
    |mul_7s_32s_39_1_1_U54           |mul_7s_32s_39_1_1            |        0|   0|  0|  20|    0|
    |mul_7s_32s_39_1_1_U55           |mul_7s_32s_39_1_1            |        0|   0|  0|  20|    0|
    |mul_7s_32s_39_1_1_U56           |mul_7s_32s_39_1_1            |        0|   0|  0|  20|    0|
    |mul_7s_32s_39_1_1_U57           |mul_7s_32s_39_1_1            |        0|   0|  0|  20|    0|
    |mul_7s_32s_39_1_1_U58           |mul_7s_32s_39_1_1            |        0|   0|  0|  20|    0|
    |mul_7s_32s_39_1_1_U59           |mul_7s_32s_39_1_1            |        0|   0|  0|  20|    0|
    |mul_7s_32s_39_1_1_U60           |mul_7s_32s_39_1_1            |        0|   0|  0|  20|    0|
    |mul_7s_32s_39_1_1_U61           |mul_7s_32s_39_1_1            |        0|   0|  0|  20|    0|
    |mul_7s_32s_39_1_1_U62           |mul_7s_32s_39_1_1            |        0|   0|  0|  20|    0|
    |mul_7s_32s_39_1_1_U63           |mul_7s_32s_39_1_1            |        0|   0|  0|  20|    0|
    |mul_7s_32s_39_1_1_U64           |mul_7s_32s_39_1_1            |        0|   0|  0|  20|    0|
    |mul_7s_32s_39_1_1_U65           |mul_7s_32s_39_1_1            |        0|   0|  0|  20|    0|
    |mul_7s_32s_39_1_1_U66           |mul_7s_32s_39_1_1            |        0|   0|  0|  20|    0|
    |mul_7s_32s_39_1_1_U67           |mul_7s_32s_39_1_1            |        0|   0|  0|  20|    0|
    |mul_7s_32s_39_1_1_U68           |mul_7s_32s_39_1_1            |        0|   0|  0|  20|    0|
    |mul_7s_32s_39_1_1_U83           |mul_7s_32s_39_1_1            |        0|   0|  0|  20|    0|
    |mul_7s_32s_39_1_1_U84           |mul_7s_32s_39_1_1            |        0|   0|  0|  20|    0|
    |mul_7s_32s_39_1_1_U86           |mul_7s_32s_39_1_1            |        0|   0|  0|  20|    0|
    |mul_7s_32s_39_1_1_U95           |mul_7s_32s_39_1_1            |        0|   0|  0|  20|    0|
    |mul_7s_32s_39_1_1_U96           |mul_7s_32s_39_1_1            |        0|   0|  0|  20|    0|
    |mul_8s_32s_39_1_1_U76           |mul_8s_32s_39_1_1            |        0|   0|  0|  20|    0|
    |mul_8s_32s_39_1_1_U87           |mul_8s_32s_39_1_1            |        0|   0|  0|  20|    0|
    |mul_8s_32s_39_1_1_U93           |mul_8s_32s_39_1_1            |        0|   0|  0|  20|    0|
    |mul_8s_32s_40_1_1_U6            |mul_8s_32s_40_1_1            |        0|   0|  0|  20|    0|
    |mul_8s_32s_40_1_1_U7            |mul_8s_32s_40_1_1            |        0|   0|  0|  20|    0|
    |mul_8s_32s_40_1_1_U11           |mul_8s_32s_40_1_1            |        0|   0|  0|  20|    0|
    |mul_8s_32s_40_1_1_U12           |mul_8s_32s_40_1_1            |        0|   0|  0|  20|    0|
    |mul_8s_32s_40_1_1_U27           |mul_8s_32s_40_1_1            |        0|   0|  0|  20|    0|
    |mul_8s_32s_40_1_1_U40           |mul_8s_32s_40_1_1            |        0|   0|  0|  20|    0|
    |mul_8s_32s_40_1_1_U42           |mul_8s_32s_40_1_1            |        0|   0|  0|  20|    0|
    |mul_8s_32s_40_1_1_U43           |mul_8s_32s_40_1_1            |        0|   0|  0|  20|    0|
    |mul_8s_32s_40_1_1_U50           |mul_8s_32s_40_1_1            |        0|   0|  0|  20|    0|
    |mul_8s_32s_40_1_1_U75           |mul_8s_32s_40_1_1            |        0|   0|  0|  20|    0|
    |mul_8s_32s_40_1_1_U77           |mul_8s_32s_40_1_1            |        0|   0|  0|  20|    0|
    |mul_8s_32s_40_1_1_U78           |mul_8s_32s_40_1_1            |        0|   0|  0|  20|    0|
    |mul_8s_32s_40_1_1_U79           |mul_8s_32s_40_1_1            |        0|   0|  0|  20|    0|
    |mul_8s_32s_40_1_1_U80           |mul_8s_32s_40_1_1            |        0|   0|  0|  20|    0|
    |mul_8s_32s_40_1_1_U81           |mul_8s_32s_40_1_1            |        0|   0|  0|  20|    0|
    |mul_8s_32s_40_1_1_U82           |mul_8s_32s_40_1_1            |        0|   0|  0|  20|    0|
    |mul_8s_32s_40_1_1_U85           |mul_8s_32s_40_1_1            |        0|   0|  0|  20|    0|
    |mul_8s_32s_40_1_1_U88           |mul_8s_32s_40_1_1            |        0|   0|  0|  20|    0|
    |mul_8s_32s_40_1_1_U90           |mul_8s_32s_40_1_1            |        0|   0|  0|  20|    0|
    |mul_8s_32s_40_1_1_U91           |mul_8s_32s_40_1_1            |        0|   0|  0|  20|    0|
    |mul_8s_32s_40_1_1_U92           |mul_8s_32s_40_1_1            |        0|   0|  0|  20|    0|
    +--------------------------------+-----------------------------+---------+----+---+----+-----+
    |Total                           |                             |        0|   0|  0|1880|    0|
    +--------------------------------+-----------------------------+---------+----+---+----+-----+

    * DSP: 
    N/A

    * Memory: 
    +----------------------------+--------------------------+---------+---+----+-----+-------+-----+------+-------------+
    |           Memory           |          Module          | BRAM_18K| FF| LUT| URAM| Words | Bits| Banks| W*Bits*Banks|
    +----------------------------+--------------------------+---------+---+----+-----+-------+-----+------+-------------+
    |fp_input_img_V_U            |fp_input_img_V            |        2|  0|   0|    0|    625|   32|     1|        20000|
    |layer2_weights_V_0_U        |layer2_weights_V_0        |        0|  7|   4|    0|     32|    7|     1|          224|
    |layer2_weights_V_1_U        |layer2_weights_V_1        |        0|  8|   4|    0|     32|    8|     1|          256|
    |layer2_weights_V_10_U       |layer2_weights_V_10       |        0|  7|   4|    0|     32|    7|     1|          224|
    |layer2_weights_V_11_U       |layer2_weights_V_11       |        0|  7|   4|    0|     32|    7|     1|          224|
    |layer2_weights_V_12_U       |layer2_weights_V_12       |        0|  7|   4|    0|     32|    7|     1|          224|
    |layer2_weights_V_13_U       |layer2_weights_V_13       |        0|  7|   4|    0|     32|    7|     1|          224|
    |layer2_weights_V_14_U       |layer2_weights_V_14       |        0|  7|   4|    0|     32|    7|     1|          224|
    |layer2_weights_V_15_U       |layer2_weights_V_15       |        0|  7|   4|    0|     32|    7|     1|          224|
    |layer2_weights_V_16_U       |layer2_weights_V_16       |        0|  7|   4|    0|     32|    7|     1|          224|
    |layer2_weights_V_17_U       |layer2_weights_V_17       |        0|  7|   4|    0|     32|    7|     1|          224|
    |layer2_weights_V_18_U       |layer2_weights_V_18       |        0|  7|   4|    0|     32|    7|     1|          224|
    |layer2_weights_V_19_U       |layer2_weights_V_19       |        0|  7|   4|    0|     32|    7|     1|          224|
    |layer2_weights_V_2_U        |layer2_weights_V_2        |        0|  8|   4|    0|     32|    8|     1|          256|
    |layer2_weights_V_20_U       |layer2_weights_V_20       |        0|  7|   4|    0|     32|    7|     1|          224|
    |layer2_weights_V_21_U       |layer2_weights_V_21       |        0|  7|   4|    0|     32|    7|     1|          224|
    |layer2_weights_V_22_U       |layer2_weights_V_22       |        0|  8|   4|    0|     32|    8|     1|          256|
    |layer2_weights_V_23_U       |layer2_weights_V_23       |        0|  7|   4|    0|     32|    7|     1|          224|
    |layer2_weights_V_24_U       |layer2_weights_V_24       |        0|  7|   4|    0|     32|    7|     1|          224|
    |layer2_weights_V_25_U       |layer2_weights_V_25       |        0|  7|   4|    0|     32|    7|     1|          224|
    |layer2_weights_V_26_U       |layer2_weights_V_26       |        0|  7|   4|    0|     32|    7|     1|          224|
    |layer2_weights_V_27_U       |layer2_weights_V_27       |        0|  7|   4|    0|     32|    7|     1|          224|
    |layer2_weights_V_28_U       |layer2_weights_V_28       |        0|  7|   4|    0|     32|    7|     1|          224|
    |layer2_weights_V_29_U       |layer2_weights_V_29       |        0|  7|   4|    0|     32|    7|     1|          224|
    |layer2_weights_V_3_U        |layer2_weights_V_3        |        0|  7|   4|    0|     32|    7|     1|          224|
    |layer2_weights_V_30_U       |layer2_weights_V_30       |        0|  7|   4|    0|     32|    7|     1|          224|
    |layer2_weights_V_31_U       |layer2_weights_V_31       |        0|  7|   4|    0|     32|    7|     1|          224|
    |layer2_weights_V_32_U       |layer2_weights_V_32       |        0|  7|   4|    0|     32|    7|     1|          224|
    |layer2_weights_V_33_U       |layer2_weights_V_33       |        0|  7|   4|    0|     32|    7|     1|          224|
    |layer2_weights_V_34_U       |layer2_weights_V_34       |        0|  7|   4|    0|     32|    7|     1|          224|
    |layer2_weights_V_35_U       |layer2_weights_V_35       |        0|  8|   4|    0|     32|    8|     1|          256|
    |layer2_weights_V_36_U       |layer2_weights_V_36       |        0|  7|   4|    0|     32|    7|     1|          224|
    |layer2_weights_V_37_U       |layer2_weights_V_37       |        0|  8|   4|    0|     32|    8|     1|          256|
    |layer2_weights_V_38_U       |layer2_weights_V_38       |        0|  8|   4|    0|     32|    8|     1|          256|
    |layer2_weights_V_39_U       |layer2_weights_V_39       |        0|  7|   4|    0|     32|    7|     1|          224|
    |layer2_weights_V_4_U        |layer2_weights_V_4        |        0|  7|   4|    0|     32|    7|     1|          224|
    |layer2_weights_V_40_U       |layer2_weights_V_40       |        0|  7|   4|    0|     32|    7|     1|          224|
    |layer2_weights_V_41_U       |layer2_weights_V_41       |        0|  7|   4|    0|     32|    7|     1|          224|
    |layer2_weights_V_42_U       |layer2_weights_V_42       |        0|  7|   4|    0|     32|    7|     1|          224|
    |layer2_weights_V_43_U       |layer2_weights_V_43       |        0|  7|   4|    0|     32|    7|     1|          224|
    |layer2_weights_V_44_U       |layer2_weights_V_44       |        0|  7|   4|    0|     32|    7|     1|          224|
    |layer2_weights_V_45_U       |layer2_weights_V_45       |        0|  8|   4|    0|     32|    8|     1|          256|
    |layer2_weights_V_46_U       |layer2_weights_V_46       |        0|  7|   4|    0|     32|    7|     1|          224|
    |layer2_weights_V_47_U       |layer2_weights_V_47       |        0|  7|   4|    0|     32|    7|     1|          224|
    |layer2_weights_V_48_U       |layer2_weights_V_48       |        0|  7|   4|    0|     32|    7|     1|          224|
    |layer2_weights_V_49_U       |layer2_weights_V_49       |        0|  7|   4|    0|     32|    7|     1|          224|
    |layer2_weights_V_5_U        |layer2_weights_V_5        |        0|  7|   4|    0|     32|    7|     1|          224|
    |layer2_weights_V_50_U       |layer2_weights_V_50       |        0|  7|   4|    0|     32|    7|     1|          224|
    |layer2_weights_V_51_U       |layer2_weights_V_51       |        0|  7|   4|    0|     32|    7|     1|          224|
    |layer2_weights_V_52_U       |layer2_weights_V_52       |        0|  7|   4|    0|     32|    7|     1|          224|
    |layer2_weights_V_53_U       |layer2_weights_V_53       |        0|  7|   4|    0|     32|    7|     1|          224|
    |layer2_weights_V_54_U       |layer2_weights_V_54       |        0|  7|   4|    0|     32|    7|     1|          224|
    |layer2_weights_V_55_U       |layer2_weights_V_55       |        0|  7|   4|    0|     32|    7|     1|          224|
    |layer2_weights_V_56_U       |layer2_weights_V_56       |        0|  7|   4|    0|     32|    7|     1|          224|
    |layer2_weights_V_57_U       |layer2_weights_V_57       |        0|  7|   4|    0|     32|    7|     1|          224|
    |layer2_weights_V_58_U       |layer2_weights_V_58       |        0|  7|   4|    0|     32|    7|     1|          224|
    |layer2_weights_V_59_U       |layer2_weights_V_59       |        0|  7|   4|    0|     32|    7|     1|          224|
    |layer2_weights_V_6_U        |layer2_weights_V_6        |        0|  8|   4|    0|     32|    8|     1|          256|
    |layer2_weights_V_60_U       |layer2_weights_V_60       |        0|  7|   4|    0|     32|    7|     1|          224|
    |layer2_weights_V_61_U       |layer2_weights_V_61       |        0|  7|   4|    0|     32|    7|     1|          224|
    |layer2_weights_V_62_U       |layer2_weights_V_62       |        0|  7|   4|    0|     32|    7|     1|          224|
    |layer2_weights_V_63_U       |layer2_weights_V_63       |        0|  7|   4|    0|     32|    7|     1|          224|
    |layer2_weights_V_7_U        |layer2_weights_V_7        |        0|  8|   4|    0|     32|    8|     1|          256|
    |layer2_weights_V_8_U        |layer2_weights_V_8        |        0|  7|   4|    0|     32|    7|     1|          224|
    |layer2_weights_V_9_U        |layer2_weights_V_9        |        0|  7|   4|    0|     32|    7|     1|          224|
    |temp_output2_0_V_U          |temp_output2_0_V          |        2|  0|   0|    0|     32|   32|     1|         1024|
    |temp_output_0_V_U           |temp_output_0_V           |        2|  0|   0|    0|     64|   32|     1|         2048|
    |weights_layer1_weights_V_U  |weights_layer1_weights_V  |       15|  0|   0|    0|  40000|    6|     1|       240000|
    +----------------------------+--------------------------+---------+---+----+-----+-------+-----+------+-------------+
    |Total                       |                          |       21|457| 256|    0|  42769|  559|    68|       277696|
    +----------------------------+--------------------------+---------+---+----+-----+-------+-----+------+-------------+

    * FIFO: 
    N/A

    * Expression: 
    +---------------------------------+----------+----+---+-----+------------+------------+
    |          Variable Name          | Operation| DSP| FF| LUT | Bitwidth P0| Bitwidth P1|
    +---------------------------------+----------+----+---+-----+------------+------------+
    |add_ln109_fu_7631_p2             |         +|   0|  0|    9|           2|           1|
    |add_ln1118_1_fu_6586_p2          |         +|   0|  0|   46|          39|          39|
    |add_ln1118_2_fu_2818_p2          |         +|   0|  0|   23|          16|          16|
    |add_ln1118_fu_6327_p2            |         +|   0|  0|   45|          38|          38|
    |add_ln1192_10_fu_3812_p2         |         +|   0|  0|   47|          40|          40|
    |add_ln1192_11_fu_3849_p2         |         +|   0|  0|   47|          40|          40|
    |add_ln1192_12_fu_3886_p2         |         +|   0|  0|   47|          40|          40|
    |add_ln1192_13_fu_3939_p2         |         +|   0|  0|   47|          40|          40|
    |add_ln1192_14_fu_3966_p2         |         +|   0|  0|   47|          40|          40|
    |add_ln1192_15_fu_3993_p2         |         +|   0|  0|   47|          40|          40|
    |add_ln1192_16_fu_4030_p2         |         +|   0|  0|   47|          40|          40|
    |add_ln1192_17_fu_4067_p2         |         +|   0|  0|   47|          40|          40|
    |add_ln1192_18_fu_4120_p2         |         +|   0|  0|   47|          40|          40|
    |add_ln1192_19_fu_4147_p2         |         +|   0|  0|   47|          40|          40|
    |add_ln1192_1_fu_3499_p2          |         +|   0|  0|   47|          40|          40|
    |add_ln1192_20_fu_4174_p2         |         +|   0|  0|   47|          40|          40|
    |add_ln1192_21_fu_4211_p2         |         +|   0|  0|   47|          40|          40|
    |add_ln1192_22_fu_4244_p2         |         +|   0|  0|   47|          40|          40|
    |add_ln1192_23_fu_4297_p2         |         +|   0|  0|   47|          40|          40|
    |add_ln1192_24_fu_4324_p2         |         +|   0|  0|   47|          40|          40|
    |add_ln1192_25_fu_4351_p2         |         +|   0|  0|   47|          40|          40|
    |add_ln1192_26_fu_4388_p2         |         +|   0|  0|   47|          40|          40|
    |add_ln1192_27_fu_4425_p2         |         +|   0|  0|   47|          40|          40|
    |add_ln1192_28_fu_4478_p2         |         +|   0|  0|   47|          40|          40|
    |add_ln1192_29_fu_4505_p2         |         +|   0|  0|   47|          40|          40|
    |add_ln1192_2_fu_3532_p2          |         +|   0|  0|   47|          40|          40|
    |add_ln1192_30_fu_4532_p2         |         +|   0|  0|   47|          40|          40|
    |add_ln1192_31_fu_4569_p2         |         +|   0|  0|   47|          40|          40|
    |add_ln1192_32_fu_4606_p2         |         +|   0|  0|   47|          40|          40|
    |add_ln1192_33_fu_4659_p2         |         +|   0|  0|   47|          40|          40|
    |add_ln1192_34_fu_4686_p2         |         +|   0|  0|   47|          40|          40|
    |add_ln1192_35_fu_4710_p2         |         +|   0|  0|   47|          40|          40|
    |add_ln1192_36_fu_4746_p2         |         +|   0|  0|   47|          40|          40|
    |add_ln1192_37_fu_4779_p2         |         +|   0|  0|   47|          40|          40|
    |add_ln1192_38_fu_4829_p2         |         +|   0|  0|   47|          40|          40|
    |add_ln1192_39_fu_4855_p2         |         +|   0|  0|   47|          40|          40|
    |add_ln1192_3_fu_3585_p2          |         +|   0|  0|   47|          40|          40|
    |add_ln1192_40_fu_4882_p2         |         +|   0|  0|   47|          40|          40|
    |add_ln1192_41_fu_4919_p2         |         +|   0|  0|   47|          40|          40|
    |add_ln1192_42_fu_4956_p2         |         +|   0|  0|   47|          40|          40|
    |add_ln1192_43_fu_5009_p2         |         +|   0|  0|   47|          40|          40|
    |add_ln1192_44_fu_5036_p2         |         +|   0|  0|   47|          40|          40|
    |add_ln1192_45_fu_5060_p2         |         +|   0|  0|   47|          40|          40|
    |add_ln1192_46_fu_5096_p2         |         +|   0|  0|   47|          40|          40|
    |add_ln1192_47_fu_5133_p2         |         +|   0|  0|   47|          40|          40|
    |add_ln1192_48_fu_5186_p2         |         +|   0|  0|   47|          40|          40|
    |add_ln1192_49_fu_5213_p2         |         +|   0|  0|   47|          40|          40|
    |add_ln1192_4_fu_3612_p2          |         +|   0|  0|   47|          40|          40|
    |add_ln1192_50_fu_5240_p2         |         +|   0|  0|   47|          40|          40|
    |add_ln1192_51_fu_5277_p2         |         +|   0|  0|   47|          40|          40|
    |add_ln1192_52_fu_5314_p2         |         +|   0|  0|   47|          40|          40|
    |add_ln1192_53_fu_5367_p2         |         +|   0|  0|   47|          40|          40|
    |add_ln1192_54_fu_5394_p2         |         +|   0|  0|   47|          40|          40|
    |add_ln1192_55_fu_5421_p2         |         +|   0|  0|   47|          40|          40|
    |add_ln1192_56_fu_5458_p2         |         +|   0|  0|   47|          40|          40|
    |add_ln1192_57_fu_5495_p2         |         +|   0|  0|   47|          40|          40|
    |add_ln1192_58_fu_5548_p2         |         +|   0|  0|   47|          40|          40|
    |add_ln1192_59_fu_5575_p2         |         +|   0|  0|   47|          40|          40|
    |add_ln1192_5_fu_3639_p2          |         +|   0|  0|   47|          40|          40|
    |add_ln1192_60_fu_5602_p2         |         +|   0|  0|   47|          40|          40|
    |add_ln1192_61_fu_5639_p2         |         +|   0|  0|   47|          40|          40|
    |add_ln1192_62_fu_5676_p2         |         +|   0|  0|   47|          40|          40|
    |add_ln1192_63_fu_5712_p2         |         +|   0|  0|   47|          40|          40|
    |add_ln1192_64_fu_2892_p2         |         +|   0|  0|   47|          40|          40|
    |add_ln1192_65_fu_6520_p2         |         +|   0|  0|   47|          40|          40|
    |add_ln1192_66_fu_6561_p2         |         +|   0|  0|   47|          40|          40|
    |add_ln1192_67_fu_6602_p2         |         +|   0|  0|   47|          40|          40|
    |add_ln1192_68_fu_6635_p2         |         +|   0|  0|   47|          40|          40|
    |add_ln1192_69_fu_6671_p2         |         +|   0|  0|   47|          40|          40|
    |add_ln1192_6_fu_3672_p2          |         +|   0|  0|   47|          40|          40|
    |add_ln1192_70_fu_6707_p2         |         +|   0|  0|   47|          40|          40|
    |add_ln1192_71_fu_6754_p2         |         +|   0|  0|   47|          40|          40|
    |add_ln1192_72_fu_6786_p2         |         +|   0|  0|   47|          40|          40|
    |add_ln1192_73_fu_6810_p2         |         +|   0|  0|   47|          40|          40|
    |add_ln1192_74_fu_6838_p2         |         +|   0|  0|   47|          40|          40|
    |add_ln1192_75_fu_6874_p2         |         +|   0|  0|   47|          40|          40|
    |add_ln1192_76_fu_6921_p2         |         +|   0|  0|   47|          40|          40|
    |add_ln1192_77_fu_6947_p2         |         +|   0|  0|   47|          40|          40|
    |add_ln1192_78_fu_6980_p2         |         +|   0|  0|   47|          40|          40|
    |add_ln1192_79_fu_7013_p2         |         +|   0|  0|   47|          40|          40|
    |add_ln1192_7_fu_3705_p2          |         +|   0|  0|   47|          40|          40|
    |add_ln1192_80_fu_7053_p2         |         +|   0|  0|   47|          40|          40|
    |add_ln1192_81_fu_7100_p2         |         +|   0|  0|   47|          40|          40|
    |add_ln1192_82_fu_7132_p2         |         +|   0|  0|   47|          40|          40|
    |add_ln1192_83_fu_7159_p2         |         +|   0|  0|   47|          40|          40|
    |add_ln1192_84_fu_7199_p2         |         +|   0|  0|   47|          40|          40|
    |add_ln1192_85_fu_7232_p2         |         +|   0|  0|   47|          40|          40|
    |add_ln1192_86_fu_7291_p2         |         +|   0|  0|   47|          40|          40|
    |add_ln1192_87_fu_7317_p2         |         +|   0|  0|   47|          40|          40|
    |add_ln1192_88_fu_7341_p2         |         +|   0|  0|   47|          40|          40|
    |add_ln1192_89_fu_7376_p2         |         +|   0|  0|   47|          40|          40|
    |add_ln1192_8_fu_3758_p2          |         +|   0|  0|   47|          40|          40|
    |add_ln1192_90_fu_7412_p2         |         +|   0|  0|   47|          40|          40|
    |add_ln1192_91_fu_7474_p2         |         +|   0|  0|   47|          40|          40|
    |add_ln1192_92_fu_7501_p2         |         +|   0|  0|   47|          40|          40|
    |add_ln1192_93_fu_7528_p2         |         +|   0|  0|   47|          40|          40|
    |add_ln1192_94_fu_7568_p2         |         +|   0|  0|   47|          40|          40|
    |add_ln1192_95_fu_7601_p2         |         +|   0|  0|   47|          40|          40|
    |add_ln1192_9_fu_3785_p2          |         +|   0|  0|   47|          40|          40|
    |add_ln1192_fu_2852_p2            |         +|   0|  0|   47|          40|          40|
    |add_ln21_fu_2739_p2              |         +|   0|  0|   14|           7|           1|
    |add_ln25_fu_2799_p2              |         +|   0|  0|   17|          10|           2|
    |add_ln40_fu_3437_p2              |         +|   0|  0|   13|           6|           1|
    |add_ln581_fu_2548_p2             |         +|   0|  0|   19|          12|           5|
    |add_ln59_fu_6453_p2              |         +|   0|  0|    9|           2|           1|
    |add_ln5_fu_2451_p2               |         +|   0|  0|   17|          10|           1|
    |add_ln77_fu_2908_p2              |         +|   0|  0|   14|           7|           1|
    |add_ln908_1_fu_5900_p2           |         +|   0|  0|   39|          32|           7|
    |add_ln908_fu_3079_p2             |         +|   0|  0|   39|          32|           7|
    |add_ln915_1_fu_6002_p2           |         +|   0|  0|   17|          11|          11|
    |add_ln915_fu_3181_p2             |         +|   0|  0|   17|          11|          11|
    |add_ln92_fu_5729_p2              |         +|   0|  0|   13|           6|           1|
    |lsb_index_1_fu_5798_p2           |         +|   0|  0|   39|          32|           7|
    |lsb_index_fu_2977_p2             |         +|   0|  0|   39|          32|           7|
    |m_3_fu_3140_p2                   |         +|   0|  0|   71|          64|          64|
    |m_5_fu_5961_p2                   |         +|   0|  0|   71|          64|          64|
    |ret_V_1_fu_7717_p2               |         +|   0|  0|   31|          24|           1|
    |F2_fu_2513_p2                    |         -|   0|  0|   19|          11|          12|
    |man_V_1_fu_2530_p2               |         -|   0|  0|   61|           1|          54|
    |sub_ln1118_1_fu_6129_p2          |         -|   0|  0|   40|           1|          33|
    |sub_ln1118_2_fu_6196_p2          |         -|   0|  0|   47|          40|          40|
    |sub_ln1118_3_fu_6257_p2          |         -|   0|  0|   46|          39|          39|
    |sub_ln1118_4_fu_6263_p2          |         -|   0|  0|   40|           1|          33|
    |sub_ln1118_5_fu_6287_p2          |         -|   0|  0|   46|           1|          39|
    |sub_ln1118_6_fu_6355_p2          |         -|   0|  0|   44|          37|          37|
    |sub_ln1118_7_fu_6385_p2          |         -|   0|  0|   46|           1|          39|
    |sub_ln1118_8_fu_6443_p2          |         -|   0|  0|   40|           1|          33|
    |sub_ln1118_9_fu_6213_p2          |         -|   0|  0|   44|          37|          37|
    |sub_ln1118_fu_6078_p2            |         -|   0|  0|   46|           1|          39|
    |sub_ln581_fu_2553_p2             |         -|   0|  0|   19|           4|          12|
    |sub_ln894_1_fu_5792_p2           |         -|   0|  0|   39|           6|          32|
    |sub_ln894_fu_2971_p2             |         -|   0|  0|   39|           6|          32|
    |sub_ln897_1_fu_5824_p2           |         -|   0|  0|   13|           5|           6|
    |sub_ln897_fu_3003_p2             |         -|   0|  0|   13|           5|           6|
    |sub_ln909_1_fu_5912_p2           |         -|   0|  0|   39|           6|          32|
    |sub_ln909_fu_3091_p2             |         -|   0|  0|   39|           6|          32|
    |sub_ln915_1_fu_5997_p2           |         -|   0|  0|   17|           5|          11|
    |sub_ln915_fu_3176_p2             |         -|   0|  0|   17|           5|          11|
    |tmp_V_2_fu_5760_p2               |         -|   0|  0|   39|           1|          32|
    |tmp_V_fu_2939_p2                 |         -|   0|  0|   39|           1|          32|
    |and_ln1506_1_fu_6058_p2          |       and|   0|  0|    2|           1|           1|
    |and_ln1506_fu_3237_p2            |       and|   0|  0|    2|           1|           1|
    |and_ln581_fu_2652_p2             |       and|   0|  0|    2|           1|           1|
    |and_ln582_fu_2635_p2             |       and|   0|  0|    2|           1|           1|
    |and_ln585_fu_2664_p2             |       and|   0|  0|    2|           1|           1|
    |and_ln603_fu_2682_p2             |       and|   0|  0|    2|           1|           1|
    |and_ln899_1_fu_3085_p2           |       and|   0|  0|    2|           1|           1|
    |and_ln899_2_fu_5852_p2           |       and|   0|  0|   32|          32|          32|
    |and_ln899_3_fu_5906_p2           |       and|   0|  0|    2|           1|           1|
    |and_ln899_fu_3031_p2             |       and|   0|  0|   32|          32|          32|
    |ashr_ln586_fu_2599_p2            |      ashr|   0|  0|  159|          54|          54|
    |icmp_ln109_fu_7637_p2            |      icmp|   0|  0|    8|           2|           3|
    |icmp_ln1494_fu_7655_p2           |      icmp|   0|  0|   20|          32|          32|
    |icmp_ln1506_1_fu_3227_p2         |      icmp|   0|  0|   24|          52|           1|
    |icmp_ln1506_2_fu_6042_p2         |      icmp|   0|  0|   11|          11|           2|
    |icmp_ln1506_3_fu_6048_p2         |      icmp|   0|  0|   24|          52|           1|
    |icmp_ln1506_fu_3221_p2           |      icmp|   0|  0|   11|          11|           2|
    |icmp_ln21_fu_2745_p2             |      icmp|   0|  0|   11|           7|           8|
    |icmp_ln25_fu_2793_p2             |      icmp|   0|  0|   11|          10|          10|
    |icmp_ln40_fu_3443_p2             |      icmp|   0|  0|   10|           6|           7|
    |icmp_ln571_fu_2507_p2            |      icmp|   0|  0|   28|          63|           1|
    |icmp_ln581_fu_2543_p2            |      icmp|   0|  0|   12|          12|           4|
    |icmp_ln582_fu_2570_p2            |      icmp|   0|  0|   12|          12|           4|
    |icmp_ln585_fu_2658_p2            |      icmp|   0|  0|   12|          12|           6|
    |icmp_ln59_fu_6459_p2             |      icmp|   0|  0|    8|           2|           3|
    |icmp_ln5_fu_2457_p2              |      icmp|   0|  0|   11|          10|          10|
    |icmp_ln603_fu_2589_p2            |      icmp|   0|  0|   10|           7|           1|
    |icmp_ln77_fu_2914_p2             |      icmp|   0|  0|   11|           7|           8|
    |icmp_ln851_fu_7711_p2            |      icmp|   0|  0|   11|           8|           1|
    |icmp_ln885_1_fu_5746_p2          |      icmp|   0|  0|   20|          32|           1|
    |icmp_ln885_fu_2925_p2            |      icmp|   0|  0|   20|          32|           1|
    |icmp_ln896_1_fu_5814_p2          |      icmp|   0|  0|   19|          31|           1|
    |icmp_ln896_fu_2993_p2            |      icmp|   0|  0|   19|          31|           1|
    |icmp_ln899_1_fu_5858_p2          |      icmp|   0|  0|   20|          32|           1|
    |icmp_ln899_fu_3037_p2            |      icmp|   0|  0|   20|          32|           1|
    |icmp_ln908_1_fu_5886_p2          |      icmp|   0|  0|   20|          32|           1|
    |icmp_ln908_fu_3065_p2            |      icmp|   0|  0|   20|          32|           1|
    |icmp_ln92_fu_5735_p2             |      icmp|   0|  0|   10|           6|           7|
    |lshr_ln897_1_fu_5834_p2          |      lshr|   0|  0|  100|           2|          32|
    |lshr_ln897_fu_3013_p2            |      lshr|   0|  0|  100|           2|          32|
    |lshr_ln908_1_fu_5936_p2          |      lshr|   0|  0|  179|          64|          64|
    |lshr_ln908_fu_3115_p2            |      lshr|   0|  0|  179|          64|          64|
    |or_ln1506_1_fu_6054_p2           |        or|   0|  0|    2|           1|           1|
    |or_ln1506_fu_3233_p2             |        or|   0|  0|    2|           1|           1|
    |or_ln25_fu_2787_p2               |        or|   0|  0|   10|          10|           1|
    |or_ln571_1_fu_2724_p2            |        or|   0|  0|    2|           1|           1|
    |or_ln571_fu_2695_p2              |        or|   0|  0|    2|           1|           1|
    |or_ln581_fu_2670_p2              |        or|   0|  0|    2|           1|           1|
    |or_ln582_fu_2641_p2              |        or|   0|  0|    2|           1|           1|
    |or_ln899_2_fu_3025_p2            |        or|   0|  0|   32|          32|          32|
    |or_ln899_fu_5846_p2              |        or|   0|  0|   32|          32|          32|
    |m_2_fu_3130_p3                   |    select|   0|  0|   56|           1|          64|
    |m_4_fu_5951_p3                   |    select|   0|  0|   56|           1|          64|
    |man_V_2_fu_2536_p3               |    select|   0|  0|   53|           1|          54|
    |max_idx_V_1_fu_7681_p3           |    select|   0|  0|   32|           1|          32|
    |max_val_V_1_fu_7661_p3           |    select|   0|  0|   32|           1|          32|
    |mul_ln1118_62_fu_6534_p00        |    select|   0|  0|    7|           1|           4|
    |mul_ln1118_63_fu_6909_p00        |    select|   0|  0|    6|           1|           6|
    |mul_ln1118_64_fu_7026_p00        |    select|   0|  0|    6|           1|           6|
    |mul_ln1118_65_fu_7088_p00        |    select|   0|  0|    7|           1|           4|
    |mul_ln1118_66_fu_7172_p00        |    select|   0|  0|    7|           1|           7|
    |mul_ln1118_67_fu_7267_p00        |    select|   0|  0|    6|           1|           5|
    |mul_ln1118_68_fu_7425_p00        |    select|   0|  0|    7|           1|           6|
    |mul_ln1118_69_fu_7447_p00        |    select|   0|  0|    6|           1|           5|
    |mul_ln1118_70_fu_7459_p00        |    select|   0|  0|    7|           1|           6|
    |mul_ln1118_71_fu_7541_p00        |    select|   0|  0|    7|           1|           7|
    |mul_ln703_10_fu_6648_p00         |    select|   0|  0|    8|           1|           8|
    |mul_ln703_11_fu_6684_p00         |    select|   0|  0|    8|           1|           8|
    |mul_ln703_12_fu_6720_p00         |    select|   0|  0|    8|           1|           8|
    |mul_ln703_13_fu_6742_p00         |    select|   0|  0|    7|           1|           7|
    |mul_ln703_14_fu_6851_p00         |    select|   0|  0|    8|           1|           6|
    |mul_ln703_15_fu_6887_p00         |    select|   0|  0|    8|           1|           8|
    |mul_ln703_16_fu_7066_p00         |    select|   0|  0|    7|           1|           7|
    |mul_ln703_17_fu_7245_p00         |    select|   0|  0|    8|           1|           5|
    |mul_ln703_18_fu_7279_p00         |    select|   0|  0|    8|           1|           5|
    |mul_ln703_19_fu_7353_p00         |    select|   0|  0|    7|           1|           7|
    |mul_ln703_20_fu_7389_p00         |    select|   0|  0|    7|           1|           6|
    |mul_ln703_9_fu_6503_p00          |    select|   0|  0|    8|           1|           8|
    |ret_V_3_fu_7731_p3               |    select|   0|  0|   24|           1|          24|
    |select_ln1118_12_fu_7205_p3      |    select|   0|  0|   39|           1|          39|
    |select_ln1118_18_fu_7574_p3      |    select|   0|  0|   39|           1|          39|
    |select_ln1118_2_fu_6577_p3       |    select|   0|  0|   36|           1|          36|
    |select_ln1118_3_fu_6608_p3       |    select|   0|  0|   39|           1|          39|
    |select_ln1118_4_fu_6759_p3       |    select|   0|  0|   38|           1|          38|
    |select_ln1118_6_fu_6953_p3       |    select|   0|  0|   39|           1|          39|
    |select_ln1118_7_fu_6986_p3       |    select|   0|  0|   39|           1|          39|
    |select_ln1118_9_fu_7105_p3       |    select|   0|  0|   38|           1|          38|
    |select_ln1118_fu_6487_p3         |    select|   0|  0|   30|           1|          31|
    |select_ln1494_fu_7647_p3         |    select|   0|  0|   32|           1|          32|
    |select_ln571_1_fu_2700_p3        |    select|   0|  0|   32|           1|          32|
    |select_ln571_2_fu_2708_p3        |    select|   0|  0|   32|           1|          32|
    |select_ln571_3_fu_2716_p3        |    select|   0|  0|   32|           1|          32|
    |select_ln571_4_fu_2730_p3        |    select|   0|  0|   32|           1|          32|
    |select_ln571_fu_2688_p3          |    select|   0|  0|   32|           1|           1|
    |select_ln588_fu_2616_p3          |    select|   0|  0|    2|           1|           2|
    |select_ln703_fu_6815_p3          |    select|   0|  0|   40|           1|          40|
    |select_ln850_fu_7723_p3          |    select|   0|  0|   24|           1|          24|
    |select_ln893_1_fu_5989_p3        |    select|   0|  0|    9|           1|          10|
    |select_ln893_fu_3168_p3          |    select|   0|  0|    9|           1|          10|
    |select_ln896_1_fu_5892_p3        |    select|   0|  0|    2|           1|           1|
    |select_ln896_fu_3071_p3          |    select|   0|  0|    2|           1|           1|
    |select_ln908_2_fu_5918_p3        |    select|   0|  0|    2|           1|           1|
    |select_ln908_fu_3097_p3          |    select|   0|  0|    2|           1|           1|
    |sh_amt_fu_2558_p3                |    select|   0|  0|   12|           1|          12|
    |temp_output3_0_1_V_1_fu_7617_p3  |    select|   0|  0|   32|           1|          32|
    |temp_output3_0_1_V_2_fu_7624_p3  |    select|   0|  0|   32|           1|          32|
    |tmp_V_4_fu_2945_p3               |    select|   0|  0|   32|           1|          32|
    |tmp_V_5_fu_5766_p3               |    select|   0|  0|   32|           1|          32|
    |shl_ln604_fu_2624_p2             |       shl|   0|  0|  100|          32|          32|
    |shl_ln899_1_fu_5840_p2           |       shl|   0|  0|  100|           1|          32|
    |shl_ln899_fu_3019_p2             |       shl|   0|  0|  100|           1|          32|
    |shl_ln909_1_fu_5945_p2           |       shl|   0|  0|  179|          64|          64|
    |shl_ln909_fu_3124_p2             |       shl|   0|  0|  179|          64|          64|
    |ap_enable_pp0                    |       xor|   0|  0|    2|           1|           2|
    |ap_enable_pp1                    |       xor|   0|  0|    2|           1|           2|
    |ap_enable_pp2                    |       xor|   0|  0|    2|           1|           2|
    |ap_enable_pp3                    |       xor|   0|  0|    2|           1|           2|
    |ap_enable_pp4                    |       xor|   0|  0|    2|           1|           2|
    |ap_enable_pp5                    |       xor|   0|  0|    2|           1|           2|
    |ap_enable_reg_pp0_iter1          |       xor|   0|  0|    2|           2|           1|
    |ap_enable_reg_pp2_iter1          |       xor|   0|  0|    2|           2|           1|
    |ap_enable_reg_pp3_iter1          |       xor|   0|  0|    2|           2|           1|
    |ap_enable_reg_pp4_iter1          |       xor|   0|  0|    2|           2|           1|
    |xor_ln571_fu_2630_p2             |       xor|   0|  0|    2|           1|           2|
    |xor_ln581_fu_2676_p2             |       xor|   0|  0|    2|           1|           2|
    |xor_ln582_fu_2646_p2             |       xor|   0|  0|    2|           1|           2|
    |xor_ln899_1_fu_5872_p2           |       xor|   0|  0|    2|           1|           2|
    |xor_ln899_fu_3051_p2             |       xor|   0|  0|    2|           1|           2|
    +---------------------------------+----------+----+---+-----+------------+------------+
    |Total                            |          |   0|  0| 9102|        5670|        6695|
    +---------------------------------+----------+----+---+-----+------------+------------+

    * Multiplexer: 
    +-------------------------------+-----+-----------+-----+-----------+
    |              Name             | LUT | Input Size| Bits| Total Bits|
    +-------------------------------+-----+-----------+-----+-----------+
    |ap_NS_fsm                      |  284|         65|    1|         65|
    |ap_enable_reg_pp0_iter1        |    9|          2|    1|          2|
    |ap_enable_reg_pp0_iter3        |    9|          2|    1|          2|
    |ap_enable_reg_pp1_iter2        |    9|          2|    1|          2|
    |ap_enable_reg_pp2_iter1        |    9|          2|    1|          2|
    |ap_enable_reg_pp2_iter3        |    9|          2|    1|          2|
    |ap_enable_reg_pp3_iter1        |    9|          2|    1|          2|
    |ap_enable_reg_pp3_iter14       |    9|          2|    1|          2|
    |ap_enable_reg_pp4_iter1        |    9|          2|    1|          2|
    |ap_enable_reg_pp4_iter3        |    9|          2|    1|          2|
    |ap_enable_reg_pp5_iter4        |    9|          2|    1|          2|
    |ap_enable_reg_pp5_iter6        |    9|          2|    1|          2|
    |fp_input_img_V_address0        |   20|          4|   10|         40|
    |fp_input_img_V_d0              |   14|          3|   32|         96|
    |grp_fu_2446_p0                 |   14|          3|   64|        192|
    |i_1_reg_2341                   |    9|          2|    7|         14|
    |i_2_reg_2363                   |    9|          2|    6|         12|
    |i_3_reg_2409                   |    9|          2|    2|          4|
    |i_reg_2296                     |    9|          2|   10|         20|
    |j_1_reg_2352                   |    9|          2|    6|         12|
    |j_2_reg_2374                   |    9|          2|    2|          4|
    |j_reg_2307                     |    9|          2|    7|         14|
    |k_0_reg_2319                   |    9|          2|   10|         20|
    |max_idx_V_reg_2420             |    9|          2|   32|         64|
    |max_val_V_reg_2432             |    9|          2|   32|         64|
    |sum_V_0_reg_2330               |    9|          2|   32|         64|
    |temp_output2_0_V_address0      |  100|         20|    5|        100|
    |temp_output2_0_V_address1      |   87|         18|    5|         90|
    |temp_output2_0_V_d0            |   20|          4|   32|        128|
    |temp_output3_V_0_0_0_reg_2397  |    9|          2|   32|         64|
    |temp_output_0_V_address0       |  162|         36|    6|        216|
    |temp_output_0_V_address1       |  155|         34|    6|        204|
    |temp_output_0_V_d0             |   20|          4|   32|        128|
    +-------------------------------+-----+-----------+-----+-----------+
    |Total                          | 1083|        237|  382|       1637|
    +-------------------------------+-----+-----------+-----+-----------+

    * Register: 
    +------------------------------------------+-----+----+-----+-----------+
    |                   Name                   |  FF | LUT| Bits| Const Bits|
    +------------------------------------------+-----+----+-----+-----------+
    |F2_reg_7790                               |   12|   0|   12|          0|
    |add_ln1118_reg_10062                      |   36|   0|   38|          2|
    |add_ln21_reg_7808                         |    7|   0|    7|          0|
    |add_ln908_1_reg_9574                      |   32|   0|   32|          0|
    |add_ln908_reg_7920                        |   32|   0|   32|          0|
    |ap_CS_fsm                                 |   64|   0|   64|          0|
    |ap_enable_reg_pp0_iter0                   |    1|   0|    1|          0|
    |ap_enable_reg_pp0_iter1                   |    1|   0|    1|          0|
    |ap_enable_reg_pp0_iter2                   |    1|   0|    1|          0|
    |ap_enable_reg_pp0_iter3                   |    1|   0|    1|          0|
    |ap_enable_reg_pp1_iter0                   |    1|   0|    1|          0|
    |ap_enable_reg_pp1_iter1                   |    1|   0|    1|          0|
    |ap_enable_reg_pp1_iter2                   |    1|   0|    1|          0|
    |ap_enable_reg_pp2_iter0                   |    1|   0|    1|          0|
    |ap_enable_reg_pp2_iter1                   |    1|   0|    1|          0|
    |ap_enable_reg_pp2_iter2                   |    1|   0|    1|          0|
    |ap_enable_reg_pp2_iter3                   |    1|   0|    1|          0|
    |ap_enable_reg_pp3_iter0                   |    1|   0|    1|          0|
    |ap_enable_reg_pp3_iter1                   |    1|   0|    1|          0|
    |ap_enable_reg_pp3_iter10                  |    1|   0|    1|          0|
    |ap_enable_reg_pp3_iter11                  |    1|   0|    1|          0|
    |ap_enable_reg_pp3_iter12                  |    1|   0|    1|          0|
    |ap_enable_reg_pp3_iter13                  |    1|   0|    1|          0|
    |ap_enable_reg_pp3_iter14                  |    1|   0|    1|          0|
    |ap_enable_reg_pp3_iter2                   |    1|   0|    1|          0|
    |ap_enable_reg_pp3_iter3                   |    1|   0|    1|          0|
    |ap_enable_reg_pp3_iter4                   |    1|   0|    1|          0|
    |ap_enable_reg_pp3_iter5                   |    1|   0|    1|          0|
    |ap_enable_reg_pp3_iter6                   |    1|   0|    1|          0|
    |ap_enable_reg_pp3_iter7                   |    1|   0|    1|          0|
    |ap_enable_reg_pp3_iter8                   |    1|   0|    1|          0|
    |ap_enable_reg_pp3_iter9                   |    1|   0|    1|          0|
    |ap_enable_reg_pp4_iter0                   |    1|   0|    1|          0|
    |ap_enable_reg_pp4_iter1                   |    1|   0|    1|          0|
    |ap_enable_reg_pp4_iter2                   |    1|   0|    1|          0|
    |ap_enable_reg_pp4_iter3                   |    1|   0|    1|          0|
    |ap_enable_reg_pp5_iter0                   |    1|   0|    1|          0|
    |ap_enable_reg_pp5_iter1                   |    1|   0|    1|          0|
    |ap_enable_reg_pp5_iter2                   |    1|   0|    1|          0|
    |ap_enable_reg_pp5_iter3                   |    1|   0|    1|          0|
    |ap_enable_reg_pp5_iter4                   |    1|   0|    1|          0|
    |ap_enable_reg_pp5_iter5                   |    1|   0|    1|          0|
    |ap_enable_reg_pp5_iter6                   |    1|   0|    1|          0|
    |i_1_reg_2341                              |    7|   0|    7|          0|
    |i_2_reg_2363                              |    6|   0|    6|          0|
    |i_3_reg_2409                              |    2|   0|    2|          0|
    |i_cast_reg_7752                           |   10|   0|   64|         54|
    |i_reg_2296                                |   10|   0|   10|          0|
    |icmp_ln1506_1_reg_7950                    |    1|   0|    1|          0|
    |icmp_ln1506_2_reg_9599                    |    1|   0|    1|          0|
    |icmp_ln1506_3_reg_9604                    |    1|   0|    1|          0|
    |icmp_ln1506_reg_7945                      |    1|   0|    1|          0|
    |icmp_ln25_reg_7837                        |    1|   0|    1|          0|
    |icmp_ln25_reg_7837_pp1_iter1_reg          |    1|   0|    1|          0|
    |icmp_ln40_reg_8908                        |    1|   0|    1|          0|
    |icmp_ln571_reg_7782                       |    1|   0|    1|          0|
    |icmp_ln59_reg_10152                       |    1|   0|    1|          0|
    |icmp_ln5_reg_7748                         |    1|   0|    1|          0|
    |icmp_ln885_1_reg_9555                     |    1|   0|    1|          0|
    |icmp_ln885_1_reg_9555_pp4_iter2_reg       |    1|   0|    1|          0|
    |icmp_ln885_reg_7901                       |    1|   0|    1|          0|
    |icmp_ln885_reg_7901_pp2_iter2_reg         |    1|   0|    1|          0|
    |icmp_ln908_1_reg_9569                     |    1|   0|    1|          0|
    |icmp_ln908_reg_7915                       |    1|   0|    1|          0|
    |input_V_load_1_reg_7866                   |   32|   0|   32|          0|
    |input_V_load_reg_7856                     |   32|   0|   32|          0|
    |input_img_load_reg_7762                   |   32|   0|   32|          0|
    |input_img_load_reg_7762_pp0_iter2_reg     |   32|   0|   32|          0|
    |j_1_cast_reg_8912                         |    6|   0|   64|         58|
    |j_1_reg_2352                              |    6|   0|    6|          0|
    |j_2_reg_2374                              |    2|   0|    2|          0|
    |j_reg_2307                                |    7|   0|    7|          0|
    |k_0_reg_2319                              |   10|   0|   10|          0|
    |max_idx_V_reg_2420                        |   32|   0|   32|          0|
    |max_val_V_reg_2432                        |   32|   0|   32|          0|
    |mul_ln1116_reg_9997                       |   38|   0|   38|          0|
    |mul_ln1118_11_reg_9095                    |   39|   0|   39|          0|
    |mul_ln1118_12_reg_9105                    |   39|   0|   39|          0|
    |mul_ln1118_13_reg_9110                    |   39|   0|   39|          0|
    |mul_ln1118_16_reg_9140                    |   39|   0|   39|          0|
    |mul_ln1118_17_reg_9150                    |   39|   0|   39|          0|
    |mul_ln1118_18_reg_9155                    |   39|   0|   39|          0|
    |mul_ln1118_20_reg_9185                    |   39|   0|   39|          0|
    |mul_ln1118_21_reg_9195                    |   39|   0|   39|          0|
    |mul_ln1118_22_reg_9200                    |   39|   0|   39|          0|
    |mul_ln1118_25_reg_9230                    |   39|   0|   39|          0|
    |mul_ln1118_26_reg_9240                    |   39|   0|   39|          0|
    |mul_ln1118_27_reg_9245                    |   39|   0|   39|          0|
    |mul_ln1118_30_reg_9275                    |   39|   0|   39|          0|
    |mul_ln1118_31_reg_9285                    |   39|   0|   39|          0|
    |mul_ln1118_33_reg_9330                    |   39|   0|   39|          0|
    |mul_ln1118_34_reg_9335                    |   39|   0|   39|          0|
    |mul_ln1118_37_reg_9365                    |   39|   0|   39|          0|
    |mul_ln1118_38_reg_9375                    |   39|   0|   39|          0|
    |mul_ln1118_3_reg_9005                     |   39|   0|   39|          0|
    |mul_ln1118_41_reg_9410                    |   39|   0|   39|          0|
    |mul_ln1118_42_reg_9420                    |   39|   0|   39|          0|
    |mul_ln1118_43_reg_9425                    |   39|   0|   39|          0|
    |mul_ln1118_46_reg_9455                    |   39|   0|   39|          0|
    |mul_ln1118_47_reg_9465                    |   39|   0|   39|          0|
    |mul_ln1118_48_reg_9470                    |   39|   0|   39|          0|
    |mul_ln1118_4_reg_9015                     |   39|   0|   39|          0|
    |mul_ln1118_51_reg_9500                    |   39|   0|   39|          0|
    |mul_ln1118_52_reg_9510                    |   39|   0|   39|          0|
    |mul_ln1118_53_reg_9515                    |   39|   0|   39|          0|
    |mul_ln1118_57_reg_9937                    |   39|   0|   39|          0|
    |mul_ln1118_58_reg_9967                    |   39|   0|   39|          0|
    |mul_ln1118_59_reg_10047                   |   39|   0|   39|          0|
    |mul_ln1118_5_reg_9020                     |   39|   0|   39|          0|
    |mul_ln1118_61_reg_10137                   |   39|   0|   39|          0|
    |mul_ln1118_63_reg_10221                   |   39|   0|   39|          0|
    |mul_ln1118_65_reg_10236                   |   39|   0|   39|          0|
    |mul_ln1118_67_reg_10251                   |   38|   0|   38|          0|
    |mul_ln1118_68_reg_10261                   |   39|   0|   39|          0|
    |mul_ln1118_69_reg_10271                   |   38|   0|   38|          0|
    |mul_ln1118_6_reg_9050                     |   39|   0|   39|          0|
    |mul_ln1118_70_reg_10276                   |   39|   0|   39|          0|
    |mul_ln1118_7_reg_9060                     |   39|   0|   39|          0|
    |mul_ln1118_8_reg_9065                     |   39|   0|   39|          0|
    |mul_ln703_12_reg_10196                    |   40|   0|   40|          0|
    |mul_ln703_13_reg_10206                    |   40|   0|   40|          0|
    |mul_ln703_15_reg_10211                    |   40|   0|   40|          0|
    |mul_ln703_16_reg_10226                    |   40|   0|   40|          0|
    |mul_ln703_17_reg_10241                    |   40|   0|   40|          0|
    |mul_ln703_18_reg_10256                    |   40|   0|   40|          0|
    |mul_ln703_5_reg_9290                      |   40|   0|   40|          0|
    |mul_ln703_7_reg_9320                      |   40|   0|   40|          0|
    |mul_ln703_8_reg_9380                      |   40|   0|   40|          0|
    |p_Result_10_reg_7905                      |    1|   0|    1|          0|
    |p_Result_14_reg_9559                      |    1|   0|    1|          0|
    |p_Result_8_reg_7772                       |    1|   0|    1|          0|
    |select_ln908_2_reg_9584                   |    1|   0|    1|          0|
    |select_ln908_reg_7930                     |    1|   0|    1|          0|
    |sext_ln1116_10_reg_8633                   |   39|   0|   39|          0|
    |sext_ln1116_11_reg_8638                   |   39|   0|   39|          0|
    |sext_ln1116_12_reg_8643                   |   39|   0|   39|          0|
    |sext_ln1116_13_reg_8648                   |   39|   0|   39|          0|
    |sext_ln1116_14_reg_8653                   |   39|   0|   39|          0|
    |sext_ln1116_15_reg_8658                   |   39|   0|   39|          0|
    |sext_ln1116_16_reg_8663                   |   39|   0|   39|          0|
    |sext_ln1116_17_reg_8668                   |   39|   0|   39|          0|
    |sext_ln1116_18_reg_8673                   |   39|   0|   39|          0|
    |sext_ln1116_19_reg_8678                   |   39|   0|   39|          0|
    |sext_ln1116_1_reg_8588                    |   40|   0|   40|          0|
    |sext_ln1116_20_reg_8683                   |   39|   0|   39|          0|
    |sext_ln1116_21_reg_8688                   |   39|   0|   39|          0|
    |sext_ln1116_22_reg_8693                   |   40|   0|   40|          0|
    |sext_ln1116_23_reg_8698                   |   39|   0|   39|          0|
    |sext_ln1116_24_reg_8703                   |   39|   0|   39|          0|
    |sext_ln1116_25_reg_8708                   |   39|   0|   39|          0|
    |sext_ln1116_26_reg_8713                   |   39|   0|   39|          0|
    |sext_ln1116_27_reg_8718                   |   39|   0|   39|          0|
    |sext_ln1116_28_reg_8723                   |   39|   0|   39|          0|
    |sext_ln1116_29_reg_8728                   |   39|   0|   39|          0|
    |sext_ln1116_2_reg_8593                    |   40|   0|   40|          0|
    |sext_ln1116_30_reg_8733                   |   39|   0|   39|          0|
    |sext_ln1116_31_reg_8738                   |   39|   0|   39|          0|
    |sext_ln1116_32_reg_8743                   |   39|   0|   39|          0|
    |sext_ln1116_33_reg_8748                   |   39|   0|   39|          0|
    |sext_ln1116_34_reg_8753                   |   39|   0|   39|          0|
    |sext_ln1116_35_reg_8758                   |   40|   0|   40|          0|
    |sext_ln1116_36_reg_8763                   |   39|   0|   39|          0|
    |sext_ln1116_37_reg_8768                   |   40|   0|   40|          0|
    |sext_ln1116_38_reg_8773                   |   40|   0|   40|          0|
    |sext_ln1116_39_reg_8778                   |   39|   0|   39|          0|
    |sext_ln1116_3_reg_8598                    |   39|   0|   39|          0|
    |sext_ln1116_40_reg_8783                   |   39|   0|   39|          0|
    |sext_ln1116_41_reg_8788                   |   39|   0|   39|          0|
    |sext_ln1116_42_reg_8793                   |   39|   0|   39|          0|
    |sext_ln1116_43_reg_8798                   |   39|   0|   39|          0|
    |sext_ln1116_44_reg_8803                   |   39|   0|   39|          0|
    |sext_ln1116_45_reg_8808                   |   40|   0|   40|          0|
    |sext_ln1116_46_reg_8813                   |   39|   0|   39|          0|
    |sext_ln1116_47_reg_8818                   |   39|   0|   39|          0|
    |sext_ln1116_48_reg_8823                   |   39|   0|   39|          0|
    |sext_ln1116_49_reg_8828                   |   39|   0|   39|          0|
    |sext_ln1116_4_reg_8603                    |   39|   0|   39|          0|
    |sext_ln1116_50_reg_8833                   |   39|   0|   39|          0|
    |sext_ln1116_51_reg_8838                   |   39|   0|   39|          0|
    |sext_ln1116_52_reg_8843                   |   39|   0|   39|          0|
    |sext_ln1116_53_reg_8848                   |   39|   0|   39|          0|
    |sext_ln1116_54_reg_8853                   |   39|   0|   39|          0|
    |sext_ln1116_55_reg_8858                   |   39|   0|   39|          0|
    |sext_ln1116_56_reg_8863                   |   39|   0|   39|          0|
    |sext_ln1116_57_reg_8868                   |   39|   0|   39|          0|
    |sext_ln1116_58_reg_8873                   |   39|   0|   39|          0|
    |sext_ln1116_59_reg_8878                   |   39|   0|   39|          0|
    |sext_ln1116_5_reg_8608                    |   39|   0|   39|          0|
    |sext_ln1116_60_reg_8883                   |   39|   0|   39|          0|
    |sext_ln1116_61_reg_8888                   |   39|   0|   39|          0|
    |sext_ln1116_62_reg_8893                   |   39|   0|   39|          0|
    |sext_ln1116_63_reg_9942                   |   40|   0|   40|          0|
    |sext_ln1116_64_reg_9947                   |   39|   0|   39|          0|
    |sext_ln1116_65_reg_9972                   |   39|   0|   39|          0|
    |sext_ln1116_66_reg_9977                   |   40|   0|   40|          0|
    |sext_ln1116_67_reg_9982                   |   40|   0|   40|          0|
    |sext_ln1116_68_reg_9987                   |   40|   0|   40|          0|
    |sext_ln1116_6_reg_8613                    |   40|   0|   40|          0|
    |sext_ln1116_70_reg_10002                  |   40|   0|   40|          0|
    |sext_ln1116_71_reg_10012                  |   40|   0|   40|          0|
    |sext_ln1116_72_reg_10017                  |   40|   0|   40|          0|
    |sext_ln1116_73_reg_10022                  |   40|   0|   40|          0|
    |sext_ln1116_74_reg_10027                  |   39|   0|   39|          0|
    |sext_ln1116_75_reg_10037                  |   39|   0|   39|          0|
    |sext_ln1116_76_reg_10052                  |   39|   0|   39|          0|
    |sext_ln1116_77_reg_10057                  |   40|   0|   40|          0|
    |sext_ln1116_78_reg_10067                  |   37|   0|   38|          1|
    |sext_ln1116_79_reg_10072                  |   39|   0|   39|          0|
    |sext_ln1116_7_reg_8618                    |   40|   0|   40|          0|
    |sext_ln1116_80_reg_10077                  |   39|   0|   39|          0|
    |sext_ln1116_81_reg_10087                  |   39|   0|   39|          0|
    |sext_ln1116_82_reg_10092                  |   40|   0|   40|          0|
    |sext_ln1116_83_reg_10097                  |   38|   0|   38|          0|
    |sext_ln1116_84_reg_10102                  |   40|   0|   40|          0|
    |sext_ln1116_85_reg_10107                  |   40|   0|   40|          0|
    |sext_ln1116_86_reg_10112                  |   40|   0|   40|          0|
    |sext_ln1116_87_reg_10117                  |   39|   0|   39|          0|
    |sext_ln1116_88_reg_10122                  |   38|   0|   38|          0|
    |sext_ln1116_89_reg_10127                  |   39|   0|   39|          0|
    |sext_ln1116_8_reg_8623                    |   39|   0|   39|          0|
    |sext_ln1116_90_reg_10132                  |   39|   0|   39|          0|
    |sext_ln1116_9_reg_8628                    |   39|   0|   39|          0|
    |sext_ln1116_reg_8583                      |   39|   0|   39|          0|
    |sext_ln1118_70_reg_9952                   |   36|   0|   36|          0|
    |sext_ln1118_71_reg_9957                   |   33|   0|   39|          6|
    |sext_ln1118_74_reg_9992                   |   35|   0|   38|          3|
    |shl_ln1118_2_reg_9962                     |   32|   0|   36|          4|
    |sub_ln1118_2_reg_10007                    |   35|   0|   40|          5|
    |sub_ln1118_3_reg_10032                    |   35|   0|   39|          4|
    |sub_ln1118_5_reg_10042                    |   33|   0|   39|          6|
    |sub_ln1118_7_reg_10082                    |   33|   0|   39|          6|
    |sub_ln1118_8_cast_reg_10142               |   39|   0|   39|          0|
    |sub_ln1118_reg_9932                       |   33|   0|   39|          6|
    |sub_ln909_1_reg_9579                      |   32|   0|   32|          0|
    |sub_ln909_reg_7925                        |   32|   0|   32|          0|
    |sum_V_0_reg_2330                          |   32|   0|   32|          0|
    |temp_output2_0_V_addr_2_reg_9549          |    5|   0|    5|          0|
    |temp_output2_0_V_load_10_reg_9722         |   32|   0|   32|          0|
    |temp_output2_0_V_load_11_reg_9730         |   32|   0|   32|          0|
    |temp_output2_0_V_load_12_reg_9745         |   32|   0|   32|          0|
    |temp_output2_0_V_load_13_reg_9750         |   32|   0|   32|          0|
    |temp_output2_0_V_load_14_reg_9765         |   32|   0|   32|          0|
    |temp_output2_0_V_load_15_reg_9772         |   32|   0|   32|          0|
    |temp_output2_0_V_load_16_reg_9788         |   32|   0|   32|          0|
    |temp_output2_0_V_load_17_reg_9793         |   32|   0|   32|          0|
    |temp_output2_0_V_load_18_reg_9808         |   32|   0|   32|          0|
    |temp_output2_0_V_load_19_reg_9816         |   32|   0|   32|          0|
    |temp_output2_0_V_load_1_reg_9623          |   32|   0|   32|          0|
    |temp_output2_0_V_load_20_reg_9831         |   32|   0|   32|          0|
    |temp_output2_0_V_load_21_reg_9836         |   32|   0|   32|          0|
    |temp_output2_0_V_load_22_reg_9852         |   32|   0|   32|          0|
    |temp_output2_0_V_load_23_reg_9857         |   32|   0|   32|          0|
    |temp_output2_0_V_load_24_reg_9872         |   32|   0|   32|          0|
    |temp_output2_0_V_load_25_reg_9877         |   32|   0|   32|          0|
    |temp_output2_0_V_load_26_reg_9892         |   32|   0|   32|          0|
    |temp_output2_0_V_load_27_reg_9897         |   32|   0|   32|          0|
    |temp_output2_0_V_load_28_reg_9912         |   32|   0|   32|          0|
    |temp_output2_0_V_load_29_reg_9917         |   32|   0|   32|          0|
    |temp_output2_0_V_load_2_reg_9638          |   32|   0|   32|          0|
    |temp_output2_0_V_load_3_reg_9643          |   32|   0|   32|          0|
    |temp_output2_0_V_load_4_reg_9660          |   32|   0|   32|          0|
    |temp_output2_0_V_load_5_reg_9666          |   32|   0|   32|          0|
    |temp_output2_0_V_load_6_reg_9681          |   32|   0|   32|          0|
    |temp_output2_0_V_load_7_reg_9686          |   32|   0|   32|          0|
    |temp_output2_0_V_load_8_reg_9701          |   32|   0|   32|          0|
    |temp_output2_0_V_load_9_reg_9707          |   32|   0|   32|          0|
    |temp_output2_0_V_load_reg_9617            |   32|   0|   32|          0|
    |temp_output3_V_0_0_0_reg_2397             |   32|   0|   32|          0|
    |temp_output3_V_0_1_0466_reg_2385          |   32|   0|   32|          0|
    |temp_output_0_V_addr_1_reg_7895           |    6|   0|    6|          0|
    |temp_output_0_V_load_10_reg_8063          |   32|   0|   32|          0|
    |temp_output_0_V_load_11_reg_8068          |   32|   0|   32|          0|
    |temp_output_0_V_load_12_reg_8083          |   32|   0|   32|          0|
    |temp_output_0_V_load_13_reg_8088          |   32|   0|   32|          0|
    |temp_output_0_V_load_14_reg_8103          |   32|   0|   32|          0|
    |temp_output_0_V_load_15_reg_8108          |   32|   0|   32|          0|
    |temp_output_0_V_load_16_reg_8123          |   32|   0|   32|          0|
    |temp_output_0_V_load_17_reg_8128          |   32|   0|   32|          0|
    |temp_output_0_V_load_18_reg_8143          |   32|   0|   32|          0|
    |temp_output_0_V_load_19_reg_8148          |   32|   0|   32|          0|
    |temp_output_0_V_load_1_reg_7968           |   32|   0|   32|          0|
    |temp_output_0_V_load_20_reg_8163          |   32|   0|   32|          0|
    |temp_output_0_V_load_21_reg_8168          |   32|   0|   32|          0|
    |temp_output_0_V_load_22_reg_8183          |   32|   0|   32|          0|
    |temp_output_0_V_load_23_reg_8188          |   32|   0|   32|          0|
    |temp_output_0_V_load_24_reg_8203          |   32|   0|   32|          0|
    |temp_output_0_V_load_25_reg_8208          |   32|   0|   32|          0|
    |temp_output_0_V_load_26_reg_8223          |   32|   0|   32|          0|
    |temp_output_0_V_load_27_reg_8228          |   32|   0|   32|          0|
    |temp_output_0_V_load_28_reg_8243          |   32|   0|   32|          0|
    |temp_output_0_V_load_29_reg_8248          |   32|   0|   32|          0|
    |temp_output_0_V_load_2_reg_7983           |   32|   0|   32|          0|
    |temp_output_0_V_load_30_reg_8263          |   32|   0|   32|          0|
    |temp_output_0_V_load_31_reg_8268          |   32|   0|   32|          0|
    |temp_output_0_V_load_32_reg_8283          |   32|   0|   32|          0|
    |temp_output_0_V_load_33_reg_8288          |   32|   0|   32|          0|
    |temp_output_0_V_load_34_reg_8303          |   32|   0|   32|          0|
    |temp_output_0_V_load_35_reg_8308          |   32|   0|   32|          0|
    |temp_output_0_V_load_36_reg_8323          |   32|   0|   32|          0|
    |temp_output_0_V_load_37_reg_8328          |   32|   0|   32|          0|
    |temp_output_0_V_load_38_reg_8343          |   32|   0|   32|          0|
    |temp_output_0_V_load_39_reg_8348          |   32|   0|   32|          0|
    |temp_output_0_V_load_3_reg_7988           |   32|   0|   32|          0|
    |temp_output_0_V_load_40_reg_8363          |   32|   0|   32|          0|
    |temp_output_0_V_load_41_reg_8368          |   32|   0|   32|          0|
    |temp_output_0_V_load_42_reg_8383          |   32|   0|   32|          0|
    |temp_output_0_V_load_43_reg_8388          |   32|   0|   32|          0|
    |temp_output_0_V_load_44_reg_8403          |   32|   0|   32|          0|
    |temp_output_0_V_load_45_reg_8408          |   32|   0|   32|          0|
    |temp_output_0_V_load_46_reg_8423          |   32|   0|   32|          0|
    |temp_output_0_V_load_47_reg_8428          |   32|   0|   32|          0|
    |temp_output_0_V_load_48_reg_8443          |   32|   0|   32|          0|
    |temp_output_0_V_load_49_reg_8448          |   32|   0|   32|          0|
    |temp_output_0_V_load_4_reg_8003           |   32|   0|   32|          0|
    |temp_output_0_V_load_50_reg_8463          |   32|   0|   32|          0|
    |temp_output_0_V_load_51_reg_8468          |   32|   0|   32|          0|
    |temp_output_0_V_load_52_reg_8483          |   32|   0|   32|          0|
    |temp_output_0_V_load_53_reg_8488          |   32|   0|   32|          0|
    |temp_output_0_V_load_54_reg_8503          |   32|   0|   32|          0|
    |temp_output_0_V_load_55_reg_8508          |   32|   0|   32|          0|
    |temp_output_0_V_load_56_reg_8523          |   32|   0|   32|          0|
    |temp_output_0_V_load_57_reg_8528          |   32|   0|   32|          0|
    |temp_output_0_V_load_58_reg_8543          |   32|   0|   32|          0|
    |temp_output_0_V_load_59_reg_8548          |   32|   0|   32|          0|
    |temp_output_0_V_load_5_reg_8008           |   32|   0|   32|          0|
    |temp_output_0_V_load_60_reg_8563          |   32|   0|   32|          0|
    |temp_output_0_V_load_61_reg_8568          |   32|   0|   32|          0|
    |temp_output_0_V_load_63_cast_reg_8898     |   39|   0|   39|          0|
    |temp_output_0_V_load_6_reg_8023           |   32|   0|   32|          0|
    |temp_output_0_V_load_7_reg_8028           |   32|   0|   32|          0|
    |temp_output_0_V_load_8_reg_8043           |   32|   0|   32|          0|
    |temp_output_0_V_load_9_reg_8048           |   32|   0|   32|          0|
    |temp_output_0_V_load_reg_7963             |   32|   0|   32|          0|
    |tmp_100_reg_10266                         |   32|   0|   32|          0|
    |tmp_10_reg_9010                           |   32|   0|   32|          0|
    |tmp_15_reg_9055                           |   32|   0|   32|          0|
    |tmp_20_reg_9100                           |   32|   0|   32|          0|
    |tmp_25_reg_9145                           |   32|   0|   32|          0|
    |tmp_30_reg_9190                           |   32|   0|   32|          0|
    |tmp_35_reg_9235                           |   32|   0|   32|          0|
    |tmp_40_reg_9280                           |   32|   0|   32|          0|
    |tmp_45_reg_9325                           |   32|   0|   32|          0|
    |tmp_50_reg_9370                           |   32|   0|   32|          0|
    |tmp_55_reg_9415                           |   32|   0|   32|          0|
    |tmp_60_reg_9460                           |   32|   0|   32|          0|
    |tmp_65_reg_9505                           |   32|   0|   32|          0|
    |tmp_70_reg_9535                           |   32|   0|   32|          0|
    |tmp_76_reg_10191                          |   32|   0|   32|          0|
    |tmp_80_reg_10201                          |   32|   0|   32|          0|
    |tmp_85_reg_10216                          |   32|   0|   32|          0|
    |tmp_90_reg_10231                          |   32|   0|   32|          0|
    |tmp_95_reg_10246                          |   32|   0|   32|          0|
    |tmp_V_4_reg_7910                          |   32|   0|   32|          0|
    |tmp_V_5_reg_9564                          |   32|   0|   32|          0|
    |trunc_ln1118_reg_10156                    |    1|   0|    1|          0|
    |trunc_ln4_reg_7876                        |   32|   0|   32|          0|
    |trunc_ln565_reg_7777                      |   52|   0|   52|          0|
    |trunc_ln893_1_reg_9589                    |   11|   0|   11|          0|
    |trunc_ln893_reg_7935                      |   11|   0|   11|          0|
    |weights_layer1_weights_V_load_1_reg_7871  |    6|   0|    6|          0|
    |weights_layer1_weights_V_load_reg_7861    |    6|   0|    6|          0|
    |zext_ln21_1_reg_7822                      |    7|   0|   16|          9|
    |zext_ln21_reg_7817                        |    7|   0|   64|         57|
    |i_cast_reg_7752                           |   64|  32|   64|         54|
    |icmp_ln40_reg_8908                        |   64|  32|    1|          0|
    |icmp_ln59_reg_10152                       |   64|  32|    1|          0|
    |icmp_ln5_reg_7748                         |   64|  32|    1|          0|
    |j_1_cast_reg_8912                         |   64|  32|   64|         58|
    |temp_output2_0_V_addr_2_reg_9549          |   64|  32|    5|          0|
    |temp_output_0_V_addr_1_reg_7895           |   64|  32|    6|          0|
    |trunc_ln1118_reg_10156                    |   64|  32|    1|          0|
    +------------------------------------------+-----+----+-----+-----------+
    |Total                                     |10915| 256|10767|        333|
    +------------------------------------------+-----+----+-----+-----------+



================================================================
== Interface
================================================================
* Summary: 
+--------------------+-----+-----+------------+--------------+--------------+
|      RTL Ports     | Dir | Bits|  Protocol  | Source Object|    C Type    |
+--------------------+-----+-----+------------+--------------+--------------+
|ap_clk              |   in|    1|  ap_ctrl_hs|  nn_inference|  return value|
|ap_rst              |   in|    1|  ap_ctrl_hs|  nn_inference|  return value|
|ap_start            |   in|    1|  ap_ctrl_hs|  nn_inference|  return value|
|ap_done             |  out|    1|  ap_ctrl_hs|  nn_inference|  return value|
|ap_idle             |  out|    1|  ap_ctrl_hs|  nn_inference|  return value|
|ap_ready            |  out|    1|  ap_ctrl_hs|  nn_inference|  return value|
|ap_return           |  out|   32|  ap_ctrl_hs|  nn_inference|  return value|
|input_img_address0  |  out|   10|   ap_memory|     input_img|         array|
|input_img_ce0       |  out|    1|   ap_memory|     input_img|         array|
|input_img_q0        |   in|   32|   ap_memory|     input_img|         array|
+--------------------+-----+-----+------------+--------------+--------------+

